[INFO] - This message is from logger1!
[DEBUG] - This message is from logger2!
[ERROR] - This message is from logger3!